Station.cpp: In constructor ‘seneca::Station::Station(const std::string&)’:
Station.cpp:25:9: warning: this ‘if’ clause does not guard... [-Wmisleading-indentation]
   25 |         if (m_itemName == "Bookcase" && m_serialNumber >= 987000)
      |         ^~
Station.cpp:26:42: note: ...this statement, but the latter is misleadingly indented as if it were guarded by the ‘if’
   26 |             m_serialNumber = 987;        m_quantity = std::stoul(util.extractToken(record, next_pos, more));
      |                                          ^~~~~~~~~~
